[marketifythemes.net/wp/cavani/04/index.html]
[backblue.gif]
[fade.gif]
[index.html]
[fonts.googleapis.com/index.html]
[marketifythemes.net/wp/cavani/04/wp-includes/css/dist/block-library/style.min37ad.css]
[marketifythemes.net/wp/cavani/04/feed/index.html]
[marketifythemes.net/wp/cavani/04/wp-content/plugins/contact-form-7/includes/css/styles04dd.css]
[marketifythemes.net/wp/cavani/04/comments/feed/index.html]
[marketifythemes.net/wp/cavani/04/wp-content/plugins/elementor/assets/lib/eicons/css/elementor-icons.min7816.css]
[marketifythemes.net/wp/cavani/04/wp-content/plugins/elementor/assets/css/frontend-lite.min1ed5.css]
[marketifythemes.net/wp/cavani/04/wp-content/uploads/elementor/css/post-73bbb.css]
[marketifythemes.net/wp/cavani/04/wp-content/plugins/cavani-core/shortcode/assets/css/headline-animation4b68.css]
[marketifythemes.net/wp/cavani/04/wp-content/plugins/cavani-core/shortcode/assets/css/juxtapose4b68.css]
[marketifythemes.net/wp/cavani/04/wp-content/plugins/cavani-core/shortcode/assets/css/lightgallery4b68.css]
[marketifythemes.net/wp/cavani/04/wp-content/plugins/cavani-core/shortcode/assets/css/swiper4b68.css]
[marketifythemes.net/wp/cavani/04/wp-content/plugins/cavani-core/shortcode/assets/css/owl-theme-default4b68.css]
[marketifythemes.net/wp/cavani/04/wp-content/plugins/cavani-core/shortcode/assets/css/owl-carousel4b68.css]
[marketifythemes.net/wp/cavani/04/wp-content/plugins/cavani-core/shortcode/assets/css/magnific-popup4b68.css]
[marketifythemes.net/wp/cavani/04/wp-content/plugins/cavani-core/shortcode/assets/css/fontello4b68.css]
[marketifythemes.net/wp/cavani/04/wp-content/plugins/cavani-core/assets/css/style4b68.css]
[marketifythemes.net/wp/cavani/04/wp-content/uploads/elementor/css/global3bbb.css]
[marketifythemes.net/wp/cavani/04/wp-content/uploads/elementor/css/post-1485af5.css]
[marketifythemes.net/wp/cavani/04/wp-content/themes/cavani/framework/css/fontelloe553.css]
[marketifythemes.net/wp/cavani/04/wp-content/themes/cavani/framework/css/basee553.css]
[marketifythemes.net/wp/cavani/04/wp-content/themes/cavani/framework/css/skeletone553.css]
[marketifythemes.net/wp/cavani/04/wp-content/themes/cavani/stylee553.css]
[marketifythemes.net/wp/cavani/04/wp-content/themes/cavani/framework/css/inline3151.css]
[marketifythemes.net/wp/cavani/04/wp-includes/js/jquery/jquery.minaf6c.js]
[marketifythemes.net/wp/cavani/04/wp-includes/js/jquery/jquery-migrate.mind617.js]
[marketifythemes.net/wp/cavani/04/wp-content/themes/cavani/framework/js/modernizr.custome553.js]
[marketifythemes.net/wp/cavani/04/wp-content/themes/cavani/framework/js/magnific.popupe553.js]
[marketifythemes.net/wp/cavani/04/wp-json/index.html]
[marketifythemes.net/wp/cavani/04/wp-json/wp/v2/pages/148.json]
[marketifythemes.net/wp/cavani/04/xmlrpc0db0.php]
[marketifythemes.net/wp/cavani/04/wp-includes/wlwmanifest.xml]
[marketifythemes.net/wp/cavani/04/wp-json/oembed/1.0/embed4dd3.json]
[marketifythemes.net/wp/cavani/04/wp-json/oembed/1.0/embed758f]
[marketifythemes.net/wp/cavani/04/wp-content/themes/cavani/framework/svg/searching.svg]
[marketifythemes.net/wp/cavani/04/wp-content/themes/cavani/framework/svg/cancel.svg]
[marketifythemes.net/wp/cavani/04/wp-content/themes/cavani/framework/img/thumb/thumb-37-40.jpg]
[marketifythemes.net/wp/cavani/04/creative-portfolio/index.html]
[marketifythemes.net/wp/cavani/04/services/index.html]
[marketifythemes.net/wp/cavani/04/wp-content/uploads/2022/06/4-2.jpg]
[marketifythemes.net/wp/cavani/04/about/index.html]
[marketifythemes.net/wp/cavani/04/wp-content/themes/cavani/framework/img/retina-logo.png]
[marketifythemes.net/wp/cavani/04/wp-content/themes/cavani/framework/img/logo.png]
[marketifythemes.net/wp/cavani/04/wp-includes/js/dist/vendor/regenerator-runtime.min3937.js]
[marketifythemes.net/wp/cavani/04/latest-news/index.html]
[marketifythemes.net/wp/cavani/04/wp-includes/js/dist/vendor/wp-polyfill.min2c7c.js]
[marketifythemes.net/wp/cavani/04/get-in-touch/index.html]
[marketifythemes.net/wp/cavani/04/wp-content/plugins/contact-form-7/includes/js/index04dd.js]
[marketifythemes.net/wp/cavani/04/hello-world-2/index.html]
[marketifythemes.net/wp/cavani/04/wp-content/themes/cavani/framework/js/swipere553.js]
[marketifythemes.net/wp/cavani/04/hello-world/index.html]
[marketifythemes.net/wp/cavani/04/how-to-take-a-break-from-yourself/index.html]
[marketifythemes.net/wp/cavani/04/category/uncategorized/index.html]
[marketifythemes.net/wp/cavani/04/wp-content/themes/cavani/framework/js/glitche553.js]
[marketifythemes.net/wp/cavani/04/category/branding/index.html]
[marketifythemes.net/wp/cavani/04/wp-content/themes/cavani/framework/js/particlee553.js]
[marketifythemes.net/wp/cavani/04/wp-content/themes/cavani/framework/js/ripplee553.js]
[marketifythemes.net/wp/cavani/04/category/insights/index.html]
[marketifythemes.net/wp/cavani/04/category/lifestyle/index.html]
[marketifythemes.net/wp/cavani/04/wp-content/themes/cavani/framework/js/isotopee553.js]
[marketifythemes.net/wp/cavani/04/wp-content/themes/cavani/framework/js/inite553.js]
[marketifythemes.net/wp/cavani/04/tag/apple/index.html]
[marketifythemes.net/wp/cavani/04/wp-includes/js/comment-reply.min37ad.js]
[marketifythemes.net/wp/cavani/04/tag/featured/index.html]
[marketifythemes.net/wp/cavani/04/wp-content/plugins/elementor/assets/js/webpack.runtime.min1ed5.js]
[marketifythemes.net/wp/cavani/04/wp-content/plugins/elementor/assets/js/frontend-modules.min1ed5.js]
[marketifythemes.net/wp/cavani/04/tag/insights/index.html]
[marketifythemes.net/wp/cavani/04/tag/lifestyle/index.html]
[marketifythemes.net/wp/cavani/04/wp-content/plugins/elementor/assets/lib/waypoints/waypoints.min05da.js]
[marketifythemes.net/wp/cavani/04/tag/nft/index.html]
[marketifythemes.net/wp/cavani/04/wp-includes/js/jquery/ui/core.min0028.js]
[marketifythemes.net/wp/cavani/04/tag/relax/index.html]
[marketifythemes.net/wp/cavani/04/wp-content/plugins/elementor/assets/js/frontend.min1ed5.js]
[marketifythemes.net/wp/cavani/04/tag/study/index.html]
[marketifythemes.net/wp/cavani/04/wp-content/plugins/cavani-core/shortcode/assets/js/jquery.event.move68b3.js]
[marketifythemes.net/wp/cavani/04/tag/teaching/index.html]
[marketifythemes.net/wp/cavani/04/wp-content/plugins/cavani-core/shortcode/assets/js/juxtapose68b3.js]
[marketifythemes.net/wp/cavani/04/tag/technology/index.html]
[marketifythemes.net/wp/cavani/04/wp-content/plugins/cavani-core/shortcode/assets/js/lightgallery68b3.js]
[marketifythemes.net/wp/cavani/04/wp-content/plugins/cavani-core/shortcode/assets/js/headline-animation68b3.js]
[marketifythemes.net/wp/cavani/04/tag/tokens/index.html]
[marketifythemes.net/wp/cavani/04/wp-content/plugins/cavani-core/shortcode/assets/js/countto68b3.js]
[marketifythemes.net/wp/cavani/04/wp-content/plugins/cavani-core/shortcode/assets/js/waypoints68b3.js]
[marketifythemes.net/wp/cavani/04/wp-content/plugins/cavani-core/shortcode/assets/js/jquery-circle-progress68b3.js]
[marketifythemes.net/wp/cavani/04/wp-content/plugins/cavani-core/shortcode/assets/js/owl-carousel68b3.js]
[marketifythemes.net/wp/cavani/04/index.html]
[marketifythemes.net/wp/cavani/04/wp-content/plugins/cavani-core/assets/js/init68b3.js]
[fonts.googleapis.com/index.html]
[s.w.org/index.html]
[fonts.gstatic.com/index.html]
[fonts.googleapis.com/css46c3.css]
[fonts.googleapis.com/cssd6f4.css]
[fonts.googleapis.com/css1143.css]
[fonts.googleapis.com/css9aa4.css]
[marketifythemes.net/wp/cavani/04/wp-content/uploads/elementor/css/post-1376d09.css]
[marketifythemes.net/wp/cavani/04/wp-json/wp/v2/pages/137.json]
[marketifythemes.net/wp/cavani/04/wp-json/oembed/1.0/embedd9f1.json]
[marketifythemes.net/wp/cavani/04/wp-json/oembed/1.0/embedba18]
[marketifythemes.net/wp/cavani/04/wp-content/themes/cavani/framework/svg/right-arrow-2.svg]
[marketifythemes.net/wp/cavani/04/wp-content/uploads/2022/06/1.png]
[marketifythemes.net/wp/cavani/04/wp-content/uploads/2022/06/2.png]
[marketifythemes.net/wp/cavani/04/wp-content/uploads/2022/06/3.png]
[marketifythemes.net/wp/cavani/04/wp-content/uploads/2022/06/4.png]
[marketifythemes.net/wp/cavani/04/wp-content/uploads/2022/06/5.png]
[marketifythemes.net/wp/cavani/04/wp-content/uploads/2022/06/6.png]
[marketifythemes.net/wp/cavani/04/wp-content/uploads/2022/06/7.png]
[marketifythemes.net/wp/cavani/04/wp-content/uploads/2022/06/8.png]
[marketifythemes.net/wp/cavani/04/about/index.html]
[marketifythemes.net/cdn-cgi/scripts/5c5dd728/cloudflare-static/email-decode.min.js]
[marketifythemes.net/wp/cavani/04/wp-content/themes/cavani/framework/css/magnific.popupe553.css]
[marketifythemes.net/wp/cavani/04/wp-content/themes/cavani/framework/css/swipere553.css]
[marketifythemes.net/wp/cavani/04/wp-json/wp/v2/pages/34.json]
[marketifythemes.net/wp/cavani/04/wp-json/oembed/1.0/embede5f0.json]
[marketifythemes.net/wp/cavani/04/wp-json/oembed/1.0/embed9618]
[marketifythemes.net/wp/cavani/04/wp-content/uploads/2022/06/1.jpg]
[marketifythemes.net/wp/cavani/04/wp-content/themes/cavani/framework/img/thumb/square.jpg]
[marketifythemes.net/wp/cavani/04/wp-content/uploads/2022/06/2.jpg]
[marketifythemes.net/wp/cavani/04/wp-content/uploads/2022/06/3.jpg]
[marketifythemes.net/wp/cavani/04/wp-content/uploads/2022/06/4.jpg]
[marketifythemes.net/wp/cavani/04/wp-content/uploads/2022/06/5.jpg]
[marketifythemes.net/wp/cavani/04/wp-content/uploads/2022/06/6.jpg]
[marketifythemes.net/wp/cavani/04/creative-portfolio/index.html]
[marketifythemes.net/wp/cavani/04/wp-content/uploads/elementor/css/post-61c278.css]
[marketifythemes.net/wp/cavani/04/project/ave-brook/index.html]
[marketifythemes.net/wp/cavani/04/project/kelly-hookin/index.html]
[marketifythemes.net/wp/cavani/04/project/ashley-flores/index.html]
[marketifythemes.net/wp/cavani/04/project/alla-gorova/index.html]
[marketifythemes.net/wp/cavani/04/wp-json/wp/v2/pages/61.json]
[marketifythemes.net/wp/cavani/04/project/fele-sweet/index.html]
[marketifythemes.net/wp/cavani/04/project/alice-moon/index.html]
[marketifythemes.net/wp/cavani/04/wp-json/oembed/1.0/embedc7bc.json]
[marketifythemes.net/wp/cavani/04/wp-json/oembed/1.0/embed3431]
[marketifythemes.net/wp/cavani/04/wp-content/uploads/2022/06/1-1.jpg]
[marketifythemes.net/wp/cavani/04/wp-content/plugins/cavani-core/shortcode/assets/svg/a-3d.svg]
[marketifythemes.net/wp/cavani/04/wp-content/uploads/2022/06/2-2.jpg]
[marketifythemes.net/wp/cavani/04/wp-content/plugins/cavani-core/shortcode/assets/svg/a-play-button.svg]
[marketifythemes.net/wp/cavani/04/wp-content/uploads/2022/06/3-2.jpg]
[marketifythemes.net/wp/cavani/04/wp-content/plugins/cavani-core/shortcode/assets/svg/a-web.svg]
[marketifythemes.net/wp/cavani/04/wp-content/uploads/2022/06/4-3.jpg]
[marketifythemes.net/wp/cavani/04/wp-content/plugins/cavani-core/shortcode/assets/svg/a-progress.svg]
[marketifythemes.net/wp/cavani/04/wp-content/uploads/2022/06/5-2.jpg]
[marketifythemes.net/wp/cavani/04/wp-content/plugins/cavani-core/shortcode/assets/svg/a-instagram.svg]
[marketifythemes.net/wp/cavani/04/wp-content/uploads/2022/06/6-2.jpg]
[marketifythemes.net/wp/cavani/04/wp-content/plugins/cavani-core/shortcode/assets/svg/a-layers.svg]
[marketifythemes.net/wp/cavani/04/services/index.html]
[marketifythemes.net/wp/cavani/04/wp-json/wp/v2/pages/101.json]
[marketifythemes.net/wp/cavani/04/wp-json/oembed/1.0/embedd0fb.json]
[marketifythemes.net/wp/cavani/04/wp-json/oembed/1.0/embedb83a]
[marketifythemes.net/wp/cavani/04/latest-news/index.html]
[marketifythemes.net/wp/cavani/04/wp-content/uploads/elementor/css/post-720360.css]
[marketifythemes.net/wp/cavani/04/a-final-farewell-to-the-ipod/index.html]
[marketifythemes.net/wp/cavani/04/why-we-should-read-fewer-books/index.html]
[marketifythemes.net/wp/cavani/04/reasons-why-people-use-discord/index.html]
[marketifythemes.net/wp/cavani/04/the-age-of-extinction-is-here-some-of-us-just-dont-know-it-yet/index.html]
[marketifythemes.net/wp/cavani/04/wp-content/plugins/elementor/assets/lib/font-awesome/css/fontawesome.min52d5.css]
[marketifythemes.net/wp/cavani/04/wp-content/plugins/elementor/assets/lib/font-awesome/css/solid.min52d5.css]
[marketifythemes.net/wp/cavani/04/dealing-with-spring-allergy-symptoms/index.html]
[marketifythemes.net/wp/cavani/04/wp-json/wp/v2/pages/72.json]
[marketifythemes.net/wp/cavani/04/wp-json/oembed/1.0/embed68ee.json]
[marketifythemes.net/wp/cavani/04/wp-json/oembed/1.0/embedece9]
[marketifythemes.net/wp/cavani/04/get-in-touch/index.html]
[marketifythemes.net/wp/cavani/04/hello-world-2/feed/index.html]
[marketifythemes.net/wp/cavani/04/wp-json/wp/v2/posts/166.json]
[marketifythemes.net/wp/cavani/04/wp-json/oembed/1.0/embed6979.json]
[marketifythemes.net/wp/cavani/04/wp-json/oembed/1.0/embed4882]
[marketifythemes.net/wp/cavani/04/wp-content/uploads/2022/06/5-1.jpg]
[secure.gravatar.com/avatar/d7a973c7dab26985da5f961be7b744808a63.png]
[marketifythemes.net/wp/cavani/04/wp-content/themes/cavani/framework/svg/reply.svg]
[marketifythemes.net/wp/cavani/04/hello-world-2/index.html]
[marketifythemes.net/wp/cavani/04/author/marketify/index.html]
[marketifythemes.net/wp/cavani/04/hello-world-2/index0e22.html]
[marketifythemes.net/wp/cavani/04/hello-world/feed/index.html]
[marketifythemes.net/wp/cavani/04/wp-json/wp/v2/posts/1.json]
[marketifythemes.net/wp/cavani/04/wp-json/oembed/1.0/embedea4a.json]
[marketifythemes.net/wp/cavani/04/wp-json/oembed/1.0/embedcbd0]
[marketifythemes.net/wp/cavani/04/wp-content/uploads/2022/06/7.jpg]
[marketifythemes.net/wp/cavani/04/hello-world/index.html]
[marketifythemes.net/wp/cavani/04/hello-world/index6809.html]
[marketifythemes.net/wp/cavani/04/how-to-take-a-break-from-yourself/feed/index.html]
[marketifythemes.net/wp/cavani/04/wp-content/uploads/elementor/css/post-9332a5.css]
[marketifythemes.net/wp/cavani/04/wp-json/wp/v2/posts/93.json]
[marketifythemes.net/wp/cavani/04/wp-json/oembed/1.0/embed4ad1.json]
[marketifythemes.net/wp/cavani/04/wp-json/oembed/1.0/embedf40a]
[marketifythemes.net/wp/cavani/04/wp-content/uploads/2022/06/4-1.jpg]
[marketifythemes.net/wp/cavani/04/how-to-take-a-break-from-yourself/index.html]
[marketifythemes.net/wp/cavani/04/wp-json/wp/v2/categories/1.json]
[marketifythemes.net/wp/cavani/04/category/uncategorized/feed/index.html]
[marketifythemes.net/wp/cavani/04/wp-content/themes/cavani/framework/svg/right-arrow.svg]
[marketifythemes.net/wp/cavani/04/category/uncategorized/index.html]
[marketifythemes.net/wp/cavani/04/wp-json/wp/v2/categories/2.json]
[marketifythemes.net/wp/cavani/04/category/branding/index.html]
[marketifythemes.net/wp/cavani/04/category/branding/feed/index.html]
[marketifythemes.net/wp/cavani/04/wp-json/wp/v2/categories/3.json]
[marketifythemes.net/wp/cavani/04/category/insights/index.html]
[marketifythemes.net/wp/cavani/04/category/insights/feed/index.html]
[marketifythemes.net/wp/cavani/04/wp-json/wp/v2/categories/4.json]
[marketifythemes.net/wp/cavani/04/category/lifestyle/index.html]
[marketifythemes.net/wp/cavani/04/category/lifestyle/feed/index.html]
[marketifythemes.net/wp/cavani/04/wp-json/wp/v2/tags/5.json]
[marketifythemes.net/wp/cavani/04/tag/apple/index.html]
[marketifythemes.net/wp/cavani/04/tag/apple/feed/index.html]
[marketifythemes.net/wp/cavani/04/wp-json/wp/v2/tags/6.json]
[marketifythemes.net/wp/cavani/04/tag/featured/index.html]
[marketifythemes.net/wp/cavani/04/tag/featured/feed/index.html]
[marketifythemes.net/wp/cavani/04/wp-json/wp/v2/tags/7.json]
[marketifythemes.net/wp/cavani/04/tag/insights/index.html]
[marketifythemes.net/wp/cavani/04/tag/insights/feed/index.html]
[marketifythemes.net/wp/cavani/04/wp-json/wp/v2/tags/8.json]
[marketifythemes.net/wp/cavani/04/tag/lifestyle/index.html]
[marketifythemes.net/wp/cavani/04/tag/lifestyle/feed/index.html]
[marketifythemes.net/wp/cavani/04/wp-json/wp/v2/tags/9.json]
[marketifythemes.net/wp/cavani/04/tag/nft/index.html]
[marketifythemes.net/wp/cavani/04/tag/nft/feed/index.html]
[marketifythemes.net/wp/cavani/04/wp-json/wp/v2/tags/11.json]
[marketifythemes.net/wp/cavani/04/tag/relax/index.html]
[marketifythemes.net/wp/cavani/04/tag/relax/feed/index.html]
[marketifythemes.net/wp/cavani/04/wp-json/wp/v2/tags/12.json]
[marketifythemes.net/wp/cavani/04/tag/study/index.html]
[marketifythemes.net/wp/cavani/04/tag/study/feed/index.html]
[marketifythemes.net/wp/cavani/04/wp-json/wp/v2/tags/13.json]
[marketifythemes.net/wp/cavani/04/tag/teaching/index.html]
[marketifythemes.net/wp/cavani/04/tag/teaching/feed/index.html]
[marketifythemes.net/wp/cavani/04/wp-json/wp/v2/tags/14.json]
[marketifythemes.net/wp/cavani/04/tag/technology/index.html]
[marketifythemes.net/wp/cavani/04/tag/technology/feed/index.html]
[marketifythemes.net/wp/cavani/04/wp-json/wp/v2/tags/15.json]
[marketifythemes.net/wp/cavani/04/tag/tokens/index.html]
[fonts.googleapis.com/css55a0.css]
[marketifythemes.net/wp/cavani/04/tag/tokens/feed/index.html]
[marketifythemes.net/wp/cavani/04/wp-content/uploads/elementor/css/post-33f77a.css]
[marketifythemes.net/wp/cavani/04/wp-json/oembed/1.0/embede549.json]
[marketifythemes.net/wp/cavani/04/wp-json/oembed/1.0/embedffe3]
[marketifythemes.net/wp/cavani/04/wp-content/themes/cavani/framework/svg/play-video.svg]
[marketifythemes.net/wp/cavani/04/project/ave-brook/index.html]
[marketifythemes.net/wp/cavani/04/wp-content/uploads/elementor/css/post-323f31.css]
[marketifythemes.net/wp/cavani/04/wp-json/oembed/1.0/embedc4ea.json]
[marketifythemes.net/wp/cavani/04/wp-json/oembed/1.0/embed4835]
[marketifythemes.net/wp/cavani/04/project/kelly-hookin/index.html]
[marketifythemes.net/wp/cavani/04/wp-content/uploads/elementor/css/post-310759.css]
[marketifythemes.net/wp/cavani/04/wp-json/oembed/1.0/embedf01e.json]
[marketifythemes.net/wp/cavani/04/wp-json/oembed/1.0/embede4ce]
[marketifythemes.net/wp/cavani/04/project/ashley-flores/index.html]
[marketifythemes.net/wp/cavani/04/wp-content/uploads/elementor/css/post-304c35.css]
[marketifythemes.net/wp/cavani/04/wp-json/oembed/1.0/embed95e3.json]
[marketifythemes.net/wp/cavani/04/wp-json/oembed/1.0/embed0d3e]
[marketifythemes.net/wp/cavani/04/project/alla-gorova/index.html]
[marketifythemes.net/wp/cavani/04/wp-content/uploads/elementor/css/post-296fe8.css]
[marketifythemes.net/wp/cavani/04/wp-json/oembed/1.0/embed47c3.json]
[marketifythemes.net/wp/cavani/04/wp-json/oembed/1.0/embedd918]
[marketifythemes.net/wp/cavani/04/project/fele-sweet/index.html]
[marketifythemes.net/wp/cavani/04/wp-content/uploads/elementor/css/post-220dbe.css]
[marketifythemes.net/wp/cavani/04/wp-json/oembed/1.0/embedf447.json]
[marketifythemes.net/wp/cavani/04/wp-json/oembed/1.0/embed8bf9]
[marketifythemes.net/wp/cavani/04/project/alice-moon/index.html]
[fonts.googleapis.com/cssaab4.css]
[marketifythemes.net/wp/cavani/04/wp-content/uploads/elementor/css/post-1100259.css]
[marketifythemes.net/wp/cavani/04/reasons-why-people-use-discord/feed/index.html]
[marketifythemes.net/wp/cavani/04/wp-json/wp/v2/posts/110.json]
[marketifythemes.net/wp/cavani/04/wp-json/oembed/1.0/embed9076.json]
[marketifythemes.net/wp/cavani/04/wp-json/oembed/1.0/embed1444]
[marketifythemes.net/wp/cavani/04/reasons-why-people-use-discord/index.html]
[marketifythemes.net/wp/cavani/04/wp-content/uploads/elementor/css/post-10827b0.css]
[marketifythemes.net/wp/cavani/04/why-we-should-read-fewer-books/feed/index.html]
[marketifythemes.net/wp/cavani/04/wp-json/wp/v2/posts/108.json]
[marketifythemes.net/wp/cavani/04/wp-json/oembed/1.0/embeda0f4.json]
[marketifythemes.net/wp/cavani/04/wp-json/oembed/1.0/embed49ec]
[marketifythemes.net/wp/cavani/04/why-we-should-read-fewer-books/index.html]
[marketifythemes.net/wp/cavani/04/a-final-farewell-to-the-ipod/feed/index.html]
[marketifythemes.net/wp/cavani/04/wp-content/uploads/elementor/css/post-1062983.css]
[marketifythemes.net/wp/cavani/04/wp-json/wp/v2/posts/106.json]
[marketifythemes.net/wp/cavani/04/wp-json/oembed/1.0/embed1023.json]
[marketifythemes.net/wp/cavani/04/wp-json/oembed/1.0/embed5e1e]
[marketifythemes.net/wp/cavani/04/a-final-farewell-to-the-ipod/index.html]
[marketifythemes.net/wp/cavani/04/dealing-with-spring-allergy-symptoms/feed/index.html]
[marketifythemes.net/wp/cavani/04/wp-content/uploads/elementor/css/post-1042983.css]
[marketifythemes.net/wp/cavani/04/wp-json/wp/v2/posts/104.json]
[marketifythemes.net/wp/cavani/04/wp-json/oembed/1.0/embed2949.json]
[marketifythemes.net/wp/cavani/04/wp-json/oembed/1.0/embedef06]
[marketifythemes.net/wp/cavani/04/dealing-with-spring-allergy-symptoms/index.html]
[marketifythemes.net/wp/cavani/04/the-age-of-extinction-is-here-some-of-us-just-dont-know-it-yet/feed/index.html]
[marketifythemes.net/wp/cavani/04/wp-content/uploads/elementor/css/post-85c22c.css]
[marketifythemes.net/wp/cavani/04/wp-json/wp/v2/posts/85.json]
[marketifythemes.net/wp/cavani/04/wp-json/oembed/1.0/embed537a.json]
[marketifythemes.net/wp/cavani/04/wp-json/oembed/1.0/embed0462]
[marketifythemes.net/wp/cavani/04/the-age-of-extinction-is-here-some-of-us-just-dont-know-it-yet/index.html]
[fonts.googleapis.com/css0a43.css]
[marketifythemes.net/wp/cavani/04/wp-json/wp/v2/users/1.json]
[marketifythemes.net/wp/cavani/04/author/marketify/index.html]
[marketifythemes.net/wp/cavani/04/author/marketify/feed/index.html]
[marketifythemes.net/wp/cavani/04/hello-world-2/index0e22.html]
[marketifythemes.net/wp/cavani/04/hello-world/index6809.html]
[pinterest.com/pin/create/button/index942d.html]
[marketifythemes.net/wp/cavani/04/wp-includes/css/dist/block-library/style.min37ad.css]
[marketifythemes.net/wp/cavani/04/wp-content/plugins/contact-form-7/includes/css/styles04dd.css]
[marketifythemes.net/wp/cavani/04/wp-json/index.html]
[marketifythemes.net/wp/cavani/04/wp-json/wp/v2/pages/148.json]
[marketifythemes.net/wp/cavani/04/wp-content/uploads/2022/06/4-2.jpg]
[marketifythemes.net/wp/cavani/04/xmlrpc0db0.php]
[marketifythemes.net/wp/cavani/04/wp-content/themes/cavani/framework/img/retina-logo.png]
[marketifythemes.net/wp/cavani/04/wp-content/plugins/elementor/assets/lib/eicons/fonts/eicons5519.eot]
[marketifythemes.net/wp/cavani/04/wp-json/oembed/1.0/embed4dd3.json]
[marketifythemes.net/wp/cavani/04/wp-content/themes/cavani/framework/img/logo.png]
[marketifythemes.net/wp/cavani/04/wp-content/themes/cavani/framework/img/thumb/thumb-37-40.jpg]
[marketifythemes.net/wp/cavani/04/wp-json/oembed/1.0/embed758f]
[marketifythemes.net/wp/cavani/04/wp-json/wp/v2/pages/137.json]
[marketifythemes.net/wp/cavani/04/wp-content/uploads/2022/06/1.png]
[marketifythemes.net/wp/cavani/04/wp-content/plugins/elementor/assets/lib/eicons/fonts/eicons5519.woff2]
[marketifythemes.net/wp/cavani/04/wp-json/oembed/1.0/embedba18]
[marketifythemes.net/wp/cavani/04/wp-json/oembed/1.0/embedd9f1.json]
[marketifythemes.net/wp/cavani/04/wp-content/uploads/2022/06/2.png]
[marketifythemes.net/wp/cavani/04/wp-content/uploads/2022/06/4.png]
[marketifythemes.net/wp/cavani/04/wp-content/uploads/2022/06/5.png]
[marketifythemes.net/wp/cavani/04/wp-content/uploads/2022/06/6.png]
[marketifythemes.net/wp/cavani/04/wp-content/uploads/2022/06/7.png]
[marketifythemes.net/wp/cavani/04/wp-content/uploads/2022/06/3.png]
[marketifythemes.net/wp/cavani/04/wp-content/uploads/2022/06/8.png]
[marketifythemes.net/wp/cavani/04/wp-content/plugins/elementor/assets/lib/eicons/fonts/eicons5519.woff]
[marketifythemes.net/cdn-cgi/scripts/5c5dd728/cloudflare-static/email-decode.min.js]
[marketifythemes.net/wp/cavani/04/wp-content/uploads/2022/06/1.jpg]
[marketifythemes.net/wp/cavani/04/wp-content/themes/cavani/framework/img/thumb/square.jpg]
[marketifythemes.net/wp/cavani/04/wp-content/uploads/2022/06/3.jpg]
[marketifythemes.net/wp/cavani/04/wp-content/uploads/2022/06/2.jpg]
[marketifythemes.net/wp/cavani/04/wp-json/oembed/1.0/embede5f0.json]
[marketifythemes.net/wp/cavani/04/wp-json/oembed/1.0/embed9618]
[marketifythemes.net/wp/cavani/04/wp-json/wp/v2/pages/34.json]
[marketifythemes.net/wp/cavani/04/wp-content/uploads/2022/06/4.jpg]
[marketifythemes.net/wp/cavani/04/wp-content/uploads/2022/06/5.jpg]
[marketifythemes.net/wp/cavani/04/wp-content/uploads/2022/06/6.jpg]
[marketifythemes.net/wp/cavani/04/wp-content/plugins/elementor/assets/lib/eicons/fonts/eicons5519.ttf]
[marketifythemes.net/wp/cavani/04/wp-content/uploads/2022/06/4-3.jpg]
[marketifythemes.net/wp/cavani/04/wp-content/uploads/2022/06/3-2.jpg]
[marketifythemes.net/wp/cavani/04/wp-content/uploads/2022/06/1-1.jpg]
[marketifythemes.net/wp/cavani/04/wp-content/uploads/2022/06/2-2.jpg]
[marketifythemes.net/wp/cavani/04/wp-content/uploads/2022/06/5-2.jpg]
[marketifythemes.net/wp/cavani/04/wp-content/uploads/2022/06/6-2.jpg]
[marketifythemes.net/wp/cavani/04/wp-json/oembed/1.0/embed3431]
[marketifythemes.net/wp/cavani/04/wp-json/oembed/1.0/embedc7bc.json]
[marketifythemes.net/wp/cavani/04/wp-json/wp/v2/pages/61.json]
[marketifythemes.net/wp/cavani/04/wp-json/wp/v2/pages/101.json]
[marketifythemes.net/wp/cavani/04/wp-json/oembed/1.0/embedb83a]
[marketifythemes.net/wp/cavani/04/wp-json/wp/v2/pages/72.json]
[marketifythemes.net/wp/cavani/04/wp-json/oembed/1.0/embed68ee.json]
[marketifythemes.net/wp/cavani/04/wp-json/oembed/1.0/embedd0fb.json]
[marketifythemes.net/wp/cavani/04/wp-content/plugins/elementor/assets/lib/eicons/css/elementor-icons.min7816.css]
[marketifythemes.net/wp/cavani/04/wp-content/plugins/elementor/assets/css/frontend-lite.min1ed5.css]
[marketifythemes.net/wp/cavani/04/wp-content/uploads/elementor/css/post-73bbb.css]
[marketifythemes.net/wp/cavani/04/wp-content/plugins/cavani-core/shortcode/assets/css/headline-animation4b68.css]
[marketifythemes.net/wp/cavani/04/wp-json/oembed/1.0/embedece9]
[marketifythemes.net/wp/cavani/04/hello-world-2/feed/index.html]
[marketifythemes.net/wp/cavani/04/wp-content/plugins/cavani-core/shortcode/assets/css/juxtapose4b68.css]
[marketifythemes.net/wp/cavani/04/wp-json/wp/v2/posts/166.json]
[marketifythemes.net/wp/cavani/04/wp-json/oembed/1.0/embed4882]
[marketifythemes.net/wp/cavani/04/wp-json/oembed/1.0/embed6979.json]
[marketifythemes.net/wp/cavani/04/hello-world/feed/index.html]
[marketifythemes.net/wp/cavani/04/wp-content/plugins/elementor/assets/lib/eicons/fonts/eicons5519.svg]
[marketifythemes.net/wp/cavani/04/wp-content/uploads/2022/06/5-1.jpg]
[secure.gravatar.com/avatar/d7a973c7dab26985da5f961be7b744808a63.png]
[marketifythemes.net/wp/cavani/04/wp-content/uploads/2022/06/7.jpg]
[marketifythemes.net/wp/cavani/04/wp-json/oembed/1.0/embedcbd0]
[marketifythemes.net/wp/cavani/04/wp-json/oembed/1.0/embedea4a.json]
[marketifythemes.net/wp/cavani/04/wp-json/wp/v2/posts/1.json]
[marketifythemes.net/wp/cavani/04/how-to-take-a-break-from-yourself/feed/index.html]
[marketifythemes.net/wp/cavani/04/wp-content/plugins/cavani-core/shortcode/assets/css/lg/lgd641.eot]
[marketifythemes.net/wp/cavani/04/wp-content/uploads/2022/06/4-1.jpg]
[marketifythemes.net/wp/cavani/04/wp-json/wp/v2/posts/93.json]
[marketifythemes.net/wp/cavani/04/wp-json/oembed/1.0/embed4ad1.json]
[marketifythemes.net/wp/cavani/04/wp-content/plugins/cavani-core/shortcode/assets/css/lg/lgd41d.eot]
[marketifythemes.net/wp/cavani/04/wp-json/oembed/1.0/embedf40a]
[marketifythemes.net/wp/cavani/04/category/uncategorized/feed/index.html]
[marketifythemes.net/wp/cavani/04/wp-json/wp/v2/categories/1.json]
[marketifythemes.net/wp/cavani/04/category/branding/feed/index.html]
[marketifythemes.net/wp/cavani/04/wp-content/plugins/cavani-core/shortcode/assets/css/lg/lgd641.woff]
[marketifythemes.net/wp/cavani/04/wp-json/wp/v2/categories/2.json]
[marketifythemes.net/wp/cavani/04/category/insights/feed/index.html]
[marketifythemes.net/wp/cavani/04/wp-json/wp/v2/categories/4.json]
[marketifythemes.net/wp/cavani/04/wp-json/wp/v2/categories/3.json]
[marketifythemes.net/wp/cavani/04/category/lifestyle/feed/index.html]
[marketifythemes.net/wp/cavani/04/tag/apple/feed/index.html]
[marketifythemes.net/wp/cavani/04/wp-content/plugins/cavani-core/shortcode/assets/css/lg/lgd641.ttf]
[marketifythemes.net/wp/cavani/04/wp-json/wp/v2/tags/5.json]
[marketifythemes.net/wp/cavani/04/tag/featured/feed/index.html]
[marketifythemes.net/wp/cavani/04/wp-json/wp/v2/tags/6.json]
[marketifythemes.net/wp/cavani/04/wp-content/plugins/cavani-core/shortcode/assets/css/lg/lgd641.svg]
[marketifythemes.net/wp/cavani/04/tag/insights/feed/index.html]
[marketifythemes.net/wp/cavani/04/wp-json/wp/v2/tags/7.json]
[marketifythemes.net/wp/cavani/04/tag/nft/feed/index.html]
[marketifythemes.net/wp/cavani/04/tag/lifestyle/feed/index.html]
[marketifythemes.net/wp/cavani/04/wp-json/wp/v2/tags/8.json]
[marketifythemes.net/wp/cavani/04/wp-json/wp/v2/tags/9.json]
[marketifythemes.net/wp/cavani/04/tag/relax/feed/index.html]
[marketifythemes.net/wp/cavani/04/wp-json/wp/v2/tags/11.json]
[marketifythemes.net/wp/cavani/04/tag/study/feed/index.html]
[marketifythemes.net/wp/cavani/04/wp-content/plugins/cavani-core/shortcode/assets/img/vimeo-play.png]
[marketifythemes.net/wp/cavani/04/wp-json/wp/v2/tags/12.json]
[marketifythemes.net/wp/cavani/04/wp-json/oembed/1.0/embede549.json]
[marketifythemes.net/wp/cavani/04/tag/technology/feed/index.html]
[marketifythemes.net/wp/cavani/04/wp-json/wp/v2/tags/14.json]
[marketifythemes.net/wp/cavani/04/tag/teaching/feed/index.html]
[marketifythemes.net/wp/cavani/04/wp-json/wp/v2/tags/13.json]
[marketifythemes.net/wp/cavani/04/wp-json/wp/v2/tags/15.json]
[marketifythemes.net/wp/cavani/04/wp-json/oembed/1.0/embedffe3]
[marketifythemes.net/wp/cavani/04/wp-json/oembed/1.0/embedc4ea.json]
[marketifythemes.net/wp/cavani/04/tag/tokens/feed/index.html]
[marketifythemes.net/wp/cavani/04/wp-json/oembed/1.0/embed4835]
[marketifythemes.net/wp/cavani/04/wp-content/plugins/cavani-core/shortcode/assets/img/video-play.png]
[marketifythemes.net/wp/cavani/04/wp-json/oembed/1.0/embedf01e.json]
[marketifythemes.net/wp/cavani/04/wp-json/oembed/1.0/embede4ce]
[marketifythemes.net/wp/cavani/04/wp-json/oembed/1.0/embed95e3.json]
[marketifythemes.net/wp/cavani/04/wp-json/oembed/1.0/embed0d3e]
[marketifythemes.net/wp/cavani/04/wp-json/oembed/1.0/embed47c3.json]
[marketifythemes.net/wp/cavani/04/wp-json/oembed/1.0/embedd918]
[marketifythemes.net/wp/cavani/04/wp-content/plugins/cavani-core/shortcode/assets/img/youtube-play.png]
[marketifythemes.net/wp/cavani/04/wp-json/oembed/1.0/embedf447.json]
[marketifythemes.net/wp/cavani/04/wp-json/oembed/1.0/embed8bf9]
[marketifythemes.net/wp/cavani/04/wp-content/plugins/cavani-core/shortcode/assets/img/loading.gif]
[marketifythemes.net/wp/cavani/04/wp-content/plugins/cavani-core/shortcode/assets/css/lightgallery4b68.css]
[marketifythemes.net/wp/cavani/04/wp-content/plugins/cavani-core/shortcode/assets/css/swiper4b68.css]
[marketifythemes.net/wp/cavani/04/wp-content/plugins/cavani-core/shortcode/assets/css/owl-theme-default4b68.css]
[marketifythemes.net/wp/cavani/04/reasons-why-people-use-discord/feed/index.html]
[marketifythemes.net/wp/cavani/04/wp-json/wp/v2/posts/110.json]
[marketifythemes.net/wp/cavani/04/why-we-should-read-fewer-books/feed/index.html]
[marketifythemes.net/wp/cavani/04/wp-json/oembed/1.0/embed1444]
[marketifythemes.net/wp/cavani/04/wp-json/oembed/1.0/embed9076.json]
[marketifythemes.net/wp/cavani/04/wp-json/wp/v2/posts/108.json]
[marketifythemes.net/wp/cavani/04/wp-json/oembed/1.0/embeda0f4.json]
[marketifythemes.net/wp/cavani/04/wp-json/oembed/1.0/embed49ec]
[marketifythemes.net/wp/cavani/04/a-final-farewell-to-the-ipod/feed/index.html]
[marketifythemes.net/wp/cavani/04/wp-json/wp/v2/posts/106.json]
[marketifythemes.net/wp/cavani/04/wp-json/oembed/1.0/embed1023.json]
[marketifythemes.net/wp/cavani/04/wp-content/plugins/cavani-core/shortcode/assets/css/owl.video.play.ca.delayed]
[marketifythemes.net/wp/cavani/04/wp-content/plugins/cavani-core/shortcode/assets/css/owl-carousel4b68.css]
[marketifythemes.net/wp/cavani/04/wp-content/plugins/cavani-core/shortcode/assets/css/magnific-popup4b68.css]
[marketifythemes.net/wp/cavani/04/wp-json/oembed/1.0/embed5e1e]
[marketifythemes.net/wp/cavani/04/dealing-with-spring-allergy-symptoms/feed/index.html]
[marketifythemes.net/wp/cavani/04/wp-json/oembed/1.0/embed2949.json]
[marketifythemes.net/wp/cavani/04/wp-json/wp/v2/posts/104.json]
[marketifythemes.net/wp/cavani/04/wp-json/oembed/1.0/embedef06]
[marketifythemes.net/wp/cavani/04/the-age-of-extinction-is-here-some-of-us-just-dont-know-it-yet/feed/index.html]
[marketifythemes.net/wp/cavani/04/wp-content/plugins/cavani-core/shortcode/assets/css/font/fontelloc7fc.eot]
[marketifythemes.net/wp/cavani/04/wp-json/wp/v2/posts/85.json]
[marketifythemes.net/wp/cavani/04/wp-json/oembed/1.0/embed537a.json]
[marketifythemes.net/wp/cavani/04/wp-json/oembed/1.0/embed0462]
[marketifythemes.net/wp/cavani/04/author/marketify/feed/index.html]
[marketifythemes.net/wp/cavani/04/wp-json/wp/v2/users/1.json]
[marketifythemes.net/wp/cavani/04/wp-content/plugins/cavani-core/shortcode/assets/css/font/fontelloc7fc.woff2]
[marketifythemes.net/wp/cavani/04/wp-content/plugins/elementor/assets/lib/eicons/fonts/eicons5519.woff2]
[marketifythemes.net/wp/cavani/04/wp-content/plugins/elementor/assets/lib/eicons/fonts/eicons5519.woff]
[marketifythemes.net/wp/cavani/04/wp-content/plugins/cavani-core/shortcode/assets/css/lg/lgd641.woff]
[marketifythemes.net/wp/cavani/04/wp-content/plugins/cavani-core/shortcode/assets/css/font/fontelloc7fc.woff]
[marketifythemes.net/wp/cavani/04/wp-content/plugins/cavani-core/shortcode/assets/css/font/fontelloc7fc.woff2]
[marketifythemes.net/wp/cavani/04/wp-content/plugins/cavani-core/shortcode/assets/css/font/fontelloc7fc.ttf]
[marketifythemes.net/wp/cavani/04/wp-content/plugins/cavani-core/shortcode/assets/css/fontello4b68.css]
[marketifythemes.net/wp/cavani/04/wp-content/plugins/cavani-core/assets/css/style4b68.css]
[marketifythemes.net/wp/cavani/04/wp-content/plugins/cavani-core/shortcode/assets/css/font/fontelloc7fc.svg]
[marketifythemes.net/wp/cavani/04/wp-content/uploads/elementor/css/global3bbb.css]
[marketifythemes.net/wp/cavani/04/wp-content/uploads/elementor/css/post-1485af5.css]
[marketifythemes.net/wp/cavani/04/wp-content/themes/cavani/framework/css/font/fontello4c98.eot]
[marketifythemes.net/wp/cavani/04/wp-content/themes/cavani/framework/css/font/fontello4c98.woff2]
[marketifythemes.net/wp/cavani/04/wp-content/themes/cavani/framework/css/font/fontello4c98.woff]
[marketifythemes.net/wp/cavani/04/wp-content/themes/cavani/framework/css/font/fontello4c98.ttf]
[marketifythemes.net/wp/cavani/04/wp-content/themes/cavani/framework/css/fontelloe553.css]
[marketifythemes.net/wp/cavani/04/wp-content/themes/cavani/framework/css/basee553.css]
[marketifythemes.net/wp/cavani/04/wp-content/themes/cavani/framework/css/skeletone553.css]
[marketifythemes.net/wp/cavani/04/wp-content/themes/cavani/framework/css/font/fontello4c98.svg]
[marketifythemes.net/wp/cavani/04/wp-content/themes/cavani/framework/css/import/wp-core.css]
[marketifythemes.net/wp/cavani/04/wp-content/themes/cavani/framework/css/import/theme-base.css]
[marketifythemes.net/wp/cavani/04/wp-content/themes/cavani/stylee553.css]
[marketifythemes.net/wp/cavani/04/wp-content/themes/cavani/framework/css/inline3151.css]
[marketifythemes.net/wp/cavani/04/wp-includes/js/jquery/jquery.minaf6c.js]
[marketifythemes.net/wp/cavani/04/wp-includes/js/jquery/jquery-migrate.mind617.js]
[marketifythemes.net/wp/cavani/04/wp-content/themes/cavani/framework/js/modernizr.custome553.js]
[marketifythemes.net/wp/cavani/04/wp-content/themes/cavani/framework/js/magnific.popupe553.js]
[marketifythemes.net/wp/cavani/04/wp-content/themes/cavani/framework/svg/searching.svg]
[marketifythemes.net/wp/cavani/04/wp-content/themes/cavani/framework/svg/cancel.svg]
[marketifythemes.net/wp/cavani/04/wp-content/themes/cavani/framework/css/import/widgets.css]
[marketifythemes.net/wp/cavani/04/wp-includes/js/dist/vendor/regenerator-runtime.min3937.js]
[marketifythemes.net/wp/cavani/04/wp-includes/js/dist/vendor/wp-polyfill.min2c7c.js]
[marketifythemes.net/wp/cavani/04/wp-content/plugins/contact-form-7/includes/js/index04dd.js]
[marketifythemes.net/wp/cavani/04/wp-content/themes/cavani/framework/js/swipere553.js]
[marketifythemes.net/wp/cavani/04/wp-content/themes/cavani/framework/js/glitche553.js]
[marketifythemes.net/wp/cavani/04/Version/index.html]
[marketifythemes.net/wp/cavani/04/version/index-2.html]
[marketifythemes.net/wp/cavani/04/Error pJS - No image.src]
[marketifythemes.net/wp/cavani/04/wp-content/themes/cavani/framework/js/particlee553.js]
[marketifythemes.net/wp/cavani/04/wp-content/themes/cavani/framework/js/ripplee553.js]
[marketifythemes.net/wp/cavani/04/wp-content/themes/cavani/framework/js/isotopee553.js]
[marketifythemes.net/wp/cavani/04/wp-content/themes/cavani/framework/js/inite553.js]
[marketifythemes.net/wp/cavani/04/wp-includes/js/comment-reply.min37ad.js]
[marketifythemes.net/wp/cavani/04/wp-content/plugins/elementor/assets/js/webpack.runtime.min1ed5.js]
[marketifythemes.net/wp/cavani/04/wp-content/plugins/elementor/assets/js/frontend-modules.min1ed5.js]
[marketifythemes.net/wp/cavani/04/wp-content/plugins/elementor/assets/lib/waypoints/waypoints.min05da.js]
[marketifythemes.net/wp/cavani/04/wp-includes/js/jquery/ui/core.min0028.js]
[marketifythemes.net/wp/cavani/04/fn_ex_link/index.html]
[marketifythemes.net/wp/cavani/04/-negative.svg]
[marketifythemes.net/wp/cavani/04/wp-content/plugins/elementor/assets/js/frontend.min1ed5.js]
[marketifythemes.net/wp/cavani/04/wp-content/plugins/cavani-core/shortcode/assets/js/jquery.event.move68b3.js]
[marketifythemes.net/wp/cavani/04/wp-content/plugins/cavani-core/shortcode/assets/js/juxtapose68b3.js]
[marketifythemes.net/wp/cavani/04/wp-content/plugins/cavani-core/shortcode/assets/js/lightgallery68b3.js]
[marketifythemes.net/wp/cavani/04/wp-content/plugins/cavani-core/shortcode/assets/js/headline-animation68b3.js]
[marketifythemes.net/wp/cavani/04/wp-content/plugins/cavani-core/shortcode/assets/js/countto68b3.js]
[marketifythemes.net/wp/cavani/04/wp-content/plugins/cavani-core/shortcode/assets/js/waypoints68b3.js]
[marketifythemes.net/wp/cavani/04/wp-content/plugins/cavani-core/shortcode/assets/js/jquery-circle-progress68b3.js]
[marketifythemes.net/wp/cavani/04/wp-content/plugins/cavani-core/shortcode/assets/js/owl-carousel68b3.js]
[marketifythemes.net/wp/cavani/04/wp-content/plugins/cavani-core/assets/js/init68b3.js]
[marketifythemes.net/wp/cavani/04/wp-content/uploads/elementor/css/post-1376d09.css]
[marketifythemes.net/wp/cavani/04/wp-content/themes/cavani/framework/svg/right-arrow-2.svg]
[marketifythemes.net/wp/cavani/04/wp-content/themes/cavani/framework/css/magnific.popupe553.css]
[marketifythemes.net/wp/cavani/04/wp-content/themes/cavani/framework/css/swipere553.css]
[marketifythemes.net/wp/cavani/04/OPR/index.html]
[marketifythemes.net/wp/cavani/04/flickr.com/photos/index.html]
[marketifythemes.net/wp/cavani/04/wp-content/uploads/elementor/css/post-61c278.css]
[marketifythemes.net/wp/cavani/04/wp-content/plugins/cavani-core/shortcode/assets/svg/a-3d.svg]
[marketifythemes.net/wp/cavani/04/wp-content/plugins/cavani-core/shortcode/assets/svg/a-play-button.svg]
[marketifythemes.net/wp/cavani/04/wp-content/plugins/cavani-core/shortcode/assets/svg/a-web.svg]
[marketifythemes.net/wp/cavani/04/wp-content/plugins/cavani-core/shortcode/assets/svg/a-progress.svg]
[marketifythemes.net/wp/cavani/04/wp-content/plugins/cavani-core/shortcode/assets/svg/a-instagram.svg]
[marketifythemes.net/wp/cavani/04/wp-content/plugins/cavani-core/shortcode/assets/svg/a-layers.svg]
[marketifythemes.net/wp/cavani/04/wp-content/uploads/elementor/css/post-720360.css]
[marketifythemes.net/wp/cavani/04/wp-content/plugins/elementor/assets/lib/font-awesome/css/fontawesome.min52d5.css]
[marketifythemes.net/wp/cavani/04/wp-content/plugins/elementor/assets/lib/font-awesome/css/solid.min52d5.css]
[marketifythemes.net/wp/cavani/04/wp-content/themes/cavani/framework/svg/reply.svg]
[marketifythemes.net/wp/cavani/04/wp-content/uploads/elementor/css/post-9332a5.css]
[pinterest.com/pin/create/button/index942d.html]
[marketifythemes.net/wp/cavani/04/wp-content/themes/cavani/framework/svg/right-arrow.svg]
[marketifythemes.net/wp/cavani/04/wp-content/uploads/elementor/css/post-33f77a.css]
[marketifythemes.net/wp/cavani/04/wp-content/themes/cavani/framework/svg/play-video.svg]
[marketifythemes.net/wp/cavani/04/wp-content/uploads/elementor/css/post-323f31.css]
[marketifythemes.net/wp/cavani/04/wp-content/uploads/elementor/css/post-310759.css]
[marketifythemes.net/wp/cavani/04/wp-content/uploads/elementor/css/post-304c35.css]
[marketifythemes.net/wp/cavani/04/wp-content/uploads/elementor/css/post-296fe8.css]
[marketifythemes.net/wp/cavani/04/wp-content/uploads/elementor/css/post-220dbe.css]
[marketifythemes.net/wp/cavani/04/wp-content/uploads/elementor/css/post-1100259.css]
[marketifythemes.net/wp/cavani/04/wp-content/uploads/elementor/css/post-10827b0.css]
[marketifythemes.net/wp/cavani/04/wp-content/uploads/elementor/css/post-1062983.css]
[marketifythemes.net/wp/cavani/04/wp-content/uploads/elementor/css/post-1042983.css]
[marketifythemes.net/wp/cavani/04/wp-content/uploads/elementor/css/post-85c22c.css]
[marketifythemes.net/wp/cavani/04/wp-content/plugins/elementor/assets/lib/eicons/fonts/eicons5519.svg]
[marketifythemes.net/wp/cavani/04/wp-content/plugins/cavani-core/shortcode/assets/css/lg/lgd641.svg]
[marketifythemes.net/wp/cavani/04/wp-content/plugins/cavani-core/shortcode/assets/img/vimeo-play.html]
[marketifythemes.net/wp/cavani/04/wp-content/plugins/cavani-core/shortcode/assets/img/video-play.html]
[marketifythemes.net/wp/cavani/04/wp-content/plugins/cavani-core/shortcode/assets/img/youtube-play.html]
[marketifythemes.net/wp/cavani/04/wp-content/plugins/cavani-core/shortcode/assets/img/loading.html]
[marketifythemes.net/wp/cavani/04/wp-content/plugins/cavani-core/shortcode/assets/css/owl.video.play.html]
[marketifythemes.net/wp/cavani/04/wp-content/plugins/cavani-core/shortcode/assets/css/font/fontelloc7fc.svg]
[marketifythemes.net/wp/cavani/04/wp-content/themes/cavani/framework/css/font/fontello4c98.svg]
[marketifythemes.net/wp/cavani/04/wp-content/themes/cavani/framework/css/import/wp-core.css]
[marketifythemes.net/wp/cavani/04/wp-content/themes/cavani/framework/css/import/theme-base.css]
[marketifythemes.net/wp/cavani/04/wp-content/themes/cavani/framework/css/import/widgets.css]
[marketifythemes.net/wp/cavani/04/Version/index.html]
[marketifythemes.net/wp/cavani/04/version/index-2.html]
[marketifythemes.net/wp/cavani/04/Error pJS - No image.html]
[marketifythemes.net/wp/cavani/04/fn_ex_link/index.html]
[marketifythemes.net/wp/cavani/04/-negative.html]
[marketifythemes.net/wp/cavani/04/OPR/index.html]
[marketifythemes.net/wp/cavani/04/flickr.com/photos/index.html]
[marketifythemes.net/wp/cavani/04/hello-world-2/index.html]
[marketifythemes.net/wp/cavani/04/project/ave-brook/index.html]
[marketifythemes.net/wp/cavani/04/project/kelly-hookin/index.html]
[marketifythemes.net/wp/cavani/04/project/ashley-flores/index.html]
[marketifythemes.net/wp/cavani/04/project/alla-gorova/index.html]
[marketifythemes.net/wp/cavani/04/project/fele-sweet/index.html]
[marketifythemes.net/wp/cavani/04/project/alice-moon/index.html]
[marketifythemes.net/wp/cavani/04/reasons-why-people-use-discord/index.html]
[marketifythemes.net/wp/cavani/04/author/marketify/index.html]
[marketifythemes.net/wp/cavani/04/hello-world/index6809.html]
